INFO:__main__:============================================================
INFO:__main__:LOGGING & CALIBRATION SYSTEM - END-TO-END TEST
INFO:__main__:============================================================
INFO:__main__:✅ Created event: nba_lakers_celtics_2026_01_19_142355
INFO:__main__:
============================================================
INFO:__main__:TEST 1: Capturing Odds Snapshot
INFO:__main__:============================================================
INFO:services.snapshot_capture:📸 Captured odds snapshot: ce872c79-fa2f-4195-a65e-6953e8d069c8 for nba_lakers_celtics_2026_01_19_142355 (SPREAD:FULL_GAME, draftkings)
INFO:__main__:✅ Captured snapshot: ce872c79-fa2f-4195-a65e-6953e8d069c8
INFO:__main__:
============================================================
INFO:__main__:TEST 2: Creating Sim Run
INFO:__main__:============================================================
INFO:services.sim_run_tracker:📊 Created sim_run: acaf0f00-4c77-4390-b643-9349c23e3d31 for nba_lakers_celtics_2026_01_19_142355 (100000 iterations, trigger=user_click)
INFO:services.sim_run_tracker:🔗 Recorded inputs for sim_run: acaf0f00-4c77-4390-b643-9349c23e3d31 (snapshot=ce872c79-fa2f-4195-a65e-6953e8d069c8)
INFO:services.sim_run_tracker:✅ Sim run acaf0f00-4c77-4390-b643-9349c23e3d31 completed in 1500ms
INFO:__main__:✅ Created sim_run: acaf0f00-4c77-4390-b643-9349c23e3d31
INFO:__main__:
============================================================
INFO:__main__:TEST 3: Creating Prediction
INFO:__main__:============================================================
INFO:services.sim_run_tracker:🎯 Created prediction: e54bd336-ad74-4542-872f-0fad8c59fc1f for nba_lakers_celtics_2026_01_19_142355 (SPREAD:FULL_GAME, state=EDGE)
INFO:__main__:✅ Created prediction: e54bd336-ad74-4542-872f-0fad8c59fc1f
INFO:__main__:
============================================================
INFO:__main__:TEST 4: Publishing Prediction
INFO:__main__:============================================================
INFO:services.publishing_service:📢 Published prediction: 49185ee0-cc58-4e08-b2ef-0be054fc72c5 (pred=e54bd336-ad74-4542-872f-0fad8c59fc1f, channel=TELEGRAM, vis=PREMIUM)
INFO:__main__:✅ Published prediction: 49185ee0-cc58-4e08-b2ef-0be054fc72c5
INFO:__main__:
============================================================
INFO:__main__:TEST 5: Creating Event Result
INFO:__main__:============================================================
INFO:__main__:✅ Created event result: nba_lakers_celtics_2026_01_19_142355 (Lakers 112, Celtics 104)
INFO:__main__:
============================================================
INFO:__main__:TEST 6: Grading Prediction
INFO:__main__:============================================================
INFO:services.grading_service:✅ Graded prediction: 381d467b-489b-4186-b309-93c19c2e9709 (result=WIN, clv=0.00, brier=0.1444)
INFO:__main__:✅ Graded prediction: 381d467b-489b-4186-b309-93c19c2e9709
INFO:__main__:   Result: WIN
INFO:__main__:   CLV: 0.0
INFO:__main__:   Brier: 0.1444
INFO:__main__:   Units: 0.9090909090909091
INFO:__main__:
============================================================
INFO:__main__:TEST 7: Running Calibration
INFO:__main__:============================================================
INFO:__main__:📊 Found 4 graded predictions
WARNING:__main__:⚠️ Insufficient data for calibration (need 500+, have 4)
INFO:__main__:Creating sample data...
INFO:__main__:
============================================================
INFO:__main__:Creating 60 Sample Graded Predictions
INFO:__main__:============================================================
INFO:services.snapshot_capture:📸 Captured odds snapshot: 453b55ce-cfc7-40d2-86c1-e6cfa41dc325 for nba_sample_0_20260119142355 (SPREAD:FULL_GAME, draftkings)
INFO:services.sim_run_tracker:📊 Created sim_run: ef59b7a7-9c2d-4245-bc80-1b1f71bec7a5 for nba_sample_0_20260119142355 (100000 iterations, trigger=auto_internal)
INFO:services.sim_run_tracker:🔗 Recorded inputs for sim_run: ef59b7a7-9c2d-4245-bc80-1b1f71bec7a5 (snapshot=453b55ce-cfc7-40d2-86c1-e6cfa41dc325)
INFO:services.sim_run_tracker:✅ Sim run ef59b7a7-9c2d-4245-bc80-1b1f71bec7a5 completed in 1000ms
INFO:services.sim_run_tracker:🎯 Created prediction: 405b57ce-a2e5-4587-b17e-20e64013b865 for nba_sample_0_20260119142355 (SPREAD:FULL_GAME, state=PICK)
INFO:services.publishing_service:📢 Published prediction: 891c9321-a698-494c-84a3-016980a747aa (pred=405b57ce-a2e5-4587-b17e-20e64013b865, channel=TELEGRAM, vis=PREMIUM)
INFO:services.grading_service:✅ Graded prediction: f493ef4d-91ca-404b-a8c4-5b81fd1731a3 (result=LOSS, clv=0.00, brier=0.3004)
INFO:services.snapshot_capture:📸 Captured odds snapshot: 3c47423b-c537-4698-ac43-6baee17bea90 for nba_sample_1_20260119142355 (SPREAD:FULL_GAME, draftkings)
INFO:services.sim_run_tracker:📊 Created sim_run: 2d208bdc-db01-4c57-8064-0314fbe2d43c for nba_sample_1_20260119142355 (100000 iterations, trigger=auto_internal)
INFO:services.sim_run_tracker:🔗 Recorded inputs for sim_run: 2d208bdc-db01-4c57-8064-0314fbe2d43c (snapshot=3c47423b-c537-4698-ac43-6baee17bea90)
INFO:services.sim_run_tracker:✅ Sim run 2d208bdc-db01-4c57-8064-0314fbe2d43c completed in 1000ms
INFO:services.sim_run_tracker:🎯 Created prediction: 1e714901-17fa-4a08-82e9-bee34ba68f72 for nba_sample_1_20260119142355 (SPREAD:FULL_GAME, state=EDGE)
INFO:services.publishing_service:📢 Published prediction: 420b06e5-249a-48dc-b4eb-588469eacba4 (pred=1e714901-17fa-4a08-82e9-bee34ba68f72, channel=TELEGRAM, vis=PREMIUM)
INFO:services.grading_service:✅ Graded prediction: b203494f-22ad-4ea2-8f31-6331be8d45e0 (result=WIN, clv=0.00, brier=0.0716)
INFO:services.snapshot_capture:📸 Captured odds snapshot: 7edbf4fc-db23-45a4-b3c2-c50473f874ec for nba_sample_2_20260119142355 (SPREAD:FULL_GAME, draftkings)
INFO:services.sim_run_tracker:📊 Created sim_run: a0aca217-6821-4b53-b8c9-70619690ef72 for nba_sample_2_20260119142355 (100000 iterations, trigger=auto_internal)
INFO:services.sim_run_tracker:🔗 Recorded inputs for sim_run: a0aca217-6821-4b53-b8c9-70619690ef72 (snapshot=7edbf4fc-db23-45a4-b3c2-c50473f874ec)
INFO:services.sim_run_tracker:✅ Sim run a0aca217-6821-4b53-b8c9-70619690ef72 completed in 1000ms
INFO:services.sim_run_tracker:🎯 Created prediction: 6620f862-74d8-4e37-8233-be8d57ec1292 for nba_sample_2_20260119142355 (SPREAD:FULL_GAME, state=PICK)
INFO:services.publishing_service:📢 Published prediction: 9414d228-64be-4c32-8eac-3f5136d43d8a (pred=6620f862-74d8-4e37-8233-be8d57ec1292, channel=TELEGRAM, vis=PREMIUM)
INFO:services.grading_service:✅ Graded prediction: 81c544d9-8ce8-48fa-b849-13794ca51af2 (result=WIN, clv=0.00, brier=0.1783)
INFO:services.snapshot_capture:📸 Captured odds snapshot: 0fa5e36f-52b1-41bf-a5a3-0f4d587fa970 for nba_sample_3_20260119142355 (SPREAD:FULL_GAME, draftkings)
INFO:services.sim_run_tracker:📊 Created sim_run: bfc280d4-9995-4da7-8e35-29593b230455 for nba_sample_3_20260119142355 (100000 iterations, trigger=auto_internal)
INFO:services.sim_run_tracker:🔗 Recorded inputs for sim_run: bfc280d4-9995-4da7-8e35-29593b230455 (snapshot=0fa5e36f-52b1-41bf-a5a3-0f4d587fa970)
INFO:services.sim_run_tracker:✅ Sim run bfc280d4-9995-4da7-8e35-29593b230455 completed in 1000ms
INFO:services.sim_run_tracker:🎯 Created prediction: 3e4bab3f-cbba-402b-aecc-cfed22c98239 for nba_sample_3_20260119142355 (SPREAD:FULL_GAME, state=EDGE)
INFO:services.publishing_service:📢 Published prediction: 1a76aedb-c7be-437a-90da-7d8a21cd1a8f (pred=3e4bab3f-cbba-402b-aecc-cfed22c98239, channel=TELEGRAM, vis=PREMIUM)
INFO:services.grading_service:✅ Graded prediction: c5aa6899-8a13-4315-b54c-38f8a6843c33 (result=WIN, clv=0.00, brier=0.0943)
INFO:services.snapshot_capture:📸 Captured odds snapshot: 429eea80-fdd1-494f-a37b-1d887f927b9c for nba_sample_4_20260119142355 (SPREAD:FULL_GAME, draftkings)
INFO:services.sim_run_tracker:📊 Created sim_run: 19dddd80-1312-4d0a-8c38-4441163b6afa for nba_sample_4_20260119142355 (100000 iterations, trigger=auto_internal)
INFO:services.sim_run_tracker:🔗 Recorded inputs for sim_run: 19dddd80-1312-4d0a-8c38-4441163b6afa (snapshot=429eea80-fdd1-494f-a37b-1d887f927b9c)
INFO:services.sim_run_tracker:✅ Sim run 19dddd80-1312-4d0a-8c38-4441163b6afa completed in 1000ms
INFO:services.sim_run_tracker:🎯 Created prediction: ad6eef4e-4e38-48f7-9b9b-3acaa4683d5e for nba_sample_4_20260119142355 (SPREAD:FULL_GAME, state=EDGE)
INFO:services.publishing_service:📢 Published prediction: 23d64c93-4406-41df-8090-10faca7b4795 (pred=ad6eef4e-4e38-48f7-9b9b-3acaa4683d5e, channel=TELEGRAM, vis=PREMIUM)
INFO:services.grading_service:✅ Graded prediction: 685f7739-15d9-44ef-8b12-23ca9166c4e9 (result=WIN, clv=0.00, brier=0.0920)
INFO:services.snapshot_capture:📸 Captured odds snapshot: fc79b84e-9557-4fd9-af1e-7439964f5e8c for nba_sample_5_20260119142355 (SPREAD:FULL_GAME, draftkings)
INFO:services.sim_run_tracker:📊 Created sim_run: b5814c34-0e45-4360-9baa-04caf62b9f6f for nba_sample_5_20260119142355 (100000 iterations, trigger=auto_internal)
INFO:services.sim_run_tracker:🔗 Recorded inputs for sim_run: b5814c34-0e45-4360-9baa-04caf62b9f6f (snapshot=fc79b84e-9557-4fd9-af1e-7439964f5e8c)
INFO:services.sim_run_tracker:✅ Sim run b5814c34-0e45-4360-9baa-04caf62b9f6f completed in 1000ms
INFO:services.sim_run_tracker:🎯 Created prediction: a0b342b8-8c81-4bca-a3b5-9ee6bfec0758 for nba_sample_5_20260119142355 (SPREAD:FULL_GAME, state=PICK)
INFO:services.publishing_service:📢 Published prediction: 648b2007-3232-4266-8daf-bca5951d9bff (pred=a0b342b8-8c81-4bca-a3b5-9ee6bfec0758, channel=TELEGRAM, vis=PREMIUM)
INFO:services.grading_service:✅ Graded prediction: c49034e6-a6e5-4844-b541-9ab3baa62441 (result=WIN, clv=0.00, brier=0.2082)
INFO:services.snapshot_capture:📸 Captured odds snapshot: fffb7f52-7239-493b-b8a2-645912142016 for nba_sample_6_20260119142355 (SPREAD:FULL_GAME, draftkings)
INFO:services.sim_run_tracker:📊 Created sim_run: 5882e983-ec07-405c-bb8a-df0f5d279be3 for nba_sample_6_20260119142355 (100000 iterations, trigger=auto_internal)
INFO:services.sim_run_tracker:🔗 Recorded inputs for sim_run: 5882e983-ec07-405c-bb8a-df0f5d279be3 (snapshot=fffb7f52-7239-493b-b8a2-645912142016)
INFO:services.sim_run_tracker:✅ Sim run 5882e983-ec07-405c-bb8a-df0f5d279be3 completed in 1000ms
INFO:services.sim_run_tracker:🎯 Created prediction: bb7e4408-ddf7-4641-aa48-9328724c76b6 for nba_sample_6_20260119142355 (SPREAD:FULL_GAME, state=EDGE)
INFO:services.publishing_service:📢 Published prediction: e9b57043-4ec2-4abc-b057-7f3b146b6ca1 (pred=bb7e4408-ddf7-4641-aa48-9328724c76b6, channel=TELEGRAM, vis=PREMIUM)
INFO:services.grading_service:✅ Graded prediction: 2a6c3f61-fe9c-42b0-93c3-1ce529d6d008 (result=LOSS, clv=0.00, brier=0.4747)
INFO:services.snapshot_capture:📸 Captured odds snapshot: 9bea78d0-0ceb-4ccb-beec-7a6e508dd2e1 for nba_sample_7_20260119142355 (SPREAD:FULL_GAME, draftkings)
INFO:services.sim_run_tracker:📊 Created sim_run: 71b6f003-46eb-4def-b171-81abf4b3ed57 for nba_sample_7_20260119142355 (100000 iterations, trigger=auto_internal)
INFO:services.sim_run_tracker:🔗 Recorded inputs for sim_run: 71b6f003-46eb-4def-b171-81abf4b3ed57 (snapshot=9bea78d0-0ceb-4ccb-beec-7a6e508dd2e1)
INFO:services.sim_run_tracker:✅ Sim run 71b6f003-46eb-4def-b171-81abf4b3ed57 completed in 1000ms
INFO:services.sim_run_tracker:🎯 Created prediction: e1946ddc-1dd0-4f0b-93da-fa033f45d33e for nba_sample_7_20260119142355 (SPREAD:FULL_GAME, state=PICK)
INFO:services.publishing_service:📢 Published prediction: 94dc9fe8-7cad-42e0-9883-20ec1ba0e795 (pred=e1946ddc-1dd0-4f0b-93da-fa033f45d33e, channel=TELEGRAM, vis=PREMIUM)
INFO:services.grading_service:✅ Graded prediction: 8f521ff0-97f9-47f9-a6ca-40e24281505b (result=WIN, clv=0.00, brier=0.1781)
INFO:services.snapshot_capture:📸 Captured odds snapshot: 3931db99-fe1d-4670-a5bc-c740d5f81b6f for nba_sample_8_20260119142355 (SPREAD:FULL_GAME, draftkings)
INFO:services.sim_run_tracker:📊 Created sim_run: fc40e860-f552-4815-94c9-92b584d0a815 for nba_sample_8_20260119142355 (100000 iterations, trigger=auto_internal)
INFO:services.sim_run_tracker:🔗 Recorded inputs for sim_run: fc40e860-f552-4815-94c9-92b584d0a815 (snapshot=3931db99-fe1d-4670-a5bc-c740d5f81b6f)
INFO:services.sim_run_tracker:✅ Sim run fc40e860-f552-4815-94c9-92b584d0a815 completed in 1000ms
INFO:services.sim_run_tracker:🎯 Created prediction: 469f8ca4-bf56-4190-b8c4-589a89b88ae8 for nba_sample_8_20260119142355 (SPREAD:FULL_GAME, state=EDGE)
INFO:services.publishing_service:📢 Published prediction: 7faf85af-7e1d-4e4f-b13a-ae11ae5ff2ff (pred=469f8ca4-bf56-4190-b8c4-589a89b88ae8, channel=TELEGRAM, vis=PREMIUM)
INFO:services.grading_service:✅ Graded prediction: b72c73ee-78a2-41e4-a3e2-3b70a8428380 (result=WIN, clv=0.00, brier=0.0862)
INFO:services.snapshot_capture:📸 Captured odds snapshot: e73c9389-b959-4b31-a03d-e8aade66a72e for nba_sample_9_20260119142355 (SPREAD:FULL_GAME, draftkings)
INFO:services.sim_run_tracker:📊 Created sim_run: 69199a54-e773-4a9e-8515-49461f6323df for nba_sample_9_20260119142355 (100000 iterations, trigger=auto_internal)
INFO:services.sim_run_tracker:🔗 Recorded inputs for sim_run: 69199a54-e773-4a9e-8515-49461f6323df (snapshot=e73c9389-b959-4b31-a03d-e8aade66a72e)
INFO:services.sim_run_tracker:✅ Sim run 69199a54-e773-4a9e-8515-49461f6323df completed in 1000ms
INFO:services.sim_run_tracker:🎯 Created prediction: d061349f-4662-4bff-bef5-faeeb1e29016 for nba_sample_9_20260119142355 (SPREAD:FULL_GAME, state=EDGE)
INFO:services.publishing_service:📢 Published prediction: a1068d17-ce96-49c2-bd25-13e52dffc091 (pred=d061349f-4662-4bff-bef5-faeeb1e29016, channel=TELEGRAM, vis=PREMIUM)
INFO:services.grading_service:✅ Graded prediction: f7a888b3-3bd1-4214-b39e-d5a1e9f27d0f (result=LOSS, clv=0.00, brier=0.4812)
INFO:services.snapshot_capture:📸 Captured odds snapshot: 3e8b934a-2b2e-4eca-97ad-e545bb30ec7a for nba_sample_10_20260119142355 (SPREAD:FULL_GAME, draftkings)
INFO:services.sim_run_tracker:📊 Created sim_run: 8e16a91a-15d9-4ffd-b4eb-ee2ebdb11d57 for nba_sample_10_20260119142355 (100000 iterations, trigger=auto_internal)
INFO:services.sim_run_tracker:🔗 Recorded inputs for sim_run: 8e16a91a-15d9-4ffd-b4eb-ee2ebdb11d57 (snapshot=3e8b934a-2b2e-4eca-97ad-e545bb30ec7a)
INFO:services.sim_run_tracker:✅ Sim run 8e16a91a-15d9-4ffd-b4eb-ee2ebdb11d57 completed in 1000ms
INFO:services.sim_run_tracker:🎯 Created prediction: 48440ecf-d878-4c41-9341-34b0b11f1891 for nba_sample_10_20260119142355 (SPREAD:FULL_GAME, state=PICK)
INFO:services.publishing_service:📢 Published prediction: e5b43994-e46b-4c39-8f7f-5d7f4fc81a3f (pred=48440ecf-d878-4c41-9341-34b0b11f1891, channel=TELEGRAM, vis=PREMIUM)
INFO:services.grading_service:✅ Graded prediction: 553d6dd9-3572-43dd-adae-0cbce664d9ff (result=LOSS, clv=0.00, brier=0.3062)
INFO:services.snapshot_capture:📸 Captured odds snapshot: 3c636ba3-e60c-47ec-a7da-23664db73f1e for nba_sample_11_20260119142355 (SPREAD:FULL_GAME, draftkings)
INFO:services.sim_run_tracker:📊 Created sim_run: c940a923-e502-4e50-bbfc-5535460e253a for nba_sample_11_20260119142355 (100000 iterations, trigger=auto_internal)
INFO:services.sim_run_tracker:🔗 Recorded inputs for sim_run: c940a923-e502-4e50-bbfc-5535460e253a (snapshot=3c636ba3-e60c-47ec-a7da-23664db73f1e)
INFO:services.sim_run_tracker:✅ Sim run c940a923-e502-4e50-bbfc-5535460e253a completed in 1000ms
INFO:services.sim_run_tracker:🎯 Created prediction: c767c156-fd16-491b-a9a3-b5d8151141d8 for nba_sample_11_20260119142355 (SPREAD:FULL_GAME, state=PICK)
INFO:services.publishing_service:📢 Published prediction: ab6f1c2e-7d83-4ab1-a114-9c551a628044 (pred=c767c156-fd16-491b-a9a3-b5d8151141d8, channel=TELEGRAM, vis=PREMIUM)
INFO:services.grading_service:✅ Graded prediction: b05729a9-d5cc-47cc-a4a8-8f1a22741f7d (result=LOSS, clv=0.00, brier=0.3269)
INFO:services.snapshot_capture:📸 Captured odds snapshot: 7f0716ba-2354-4feb-be5a-4767ed1bf02d for nba_sample_12_20260119142355 (SPREAD:FULL_GAME, draftkings)
INFO:services.sim_run_tracker:📊 Created sim_run: 9621224a-5f81-4cbf-9adf-274c1c51114e for nba_sample_12_20260119142355 (100000 iterations, trigger=auto_internal)
INFO:services.sim_run_tracker:🔗 Recorded inputs for sim_run: 9621224a-5f81-4cbf-9adf-274c1c51114e (snapshot=7f0716ba-2354-4feb-be5a-4767ed1bf02d)
INFO:services.sim_run_tracker:✅ Sim run 9621224a-5f81-4cbf-9adf-274c1c51114e completed in 1000ms
INFO:services.sim_run_tracker:🎯 Created prediction: 20b96117-7aa8-4e30-aede-1894d1dee864 for nba_sample_12_20260119142355 (SPREAD:FULL_GAME, state=PICK)
INFO:services.publishing_service:📢 Published prediction: e0fd2e6f-ba2e-47b4-b73b-0dd29b874c1e (pred=20b96117-7aa8-4e30-aede-1894d1dee864, channel=TELEGRAM, vis=PREMIUM)
INFO:services.grading_service:✅ Graded prediction: bad4f169-4f66-4c2b-8253-23c0c105fc18 (result=LOSS, clv=0.00, brier=0.3295)
INFO:services.snapshot_capture:📸 Captured odds snapshot: 5a3873e9-cfdb-4f32-8d9c-dacc8b6b08d9 for nba_sample_13_20260119142355 (SPREAD:FULL_GAME, draftkings)
INFO:services.sim_run_tracker:📊 Created sim_run: de0ffeb6-76c2-4a40-8c80-c5406d7cb9e1 for nba_sample_13_20260119142355 (100000 iterations, trigger=auto_internal)
INFO:services.sim_run_tracker:🔗 Recorded inputs for sim_run: de0ffeb6-76c2-4a40-8c80-c5406d7cb9e1 (snapshot=5a3873e9-cfdb-4f32-8d9c-dacc8b6b08d9)
INFO:services.sim_run_tracker:✅ Sim run de0ffeb6-76c2-4a40-8c80-c5406d7cb9e1 completed in 1000ms
INFO:services.sim_run_tracker:🎯 Created prediction: 00cd4981-a83b-43f4-9c15-53a784fba420 for nba_sample_13_20260119142355 (SPREAD:FULL_GAME, state=EDGE)
INFO:services.publishing_service:📢 Published prediction: 35aa7c57-0f87-4ef4-b321-7c51c76f829e (pred=00cd4981-a83b-43f4-9c15-53a784fba420, channel=TELEGRAM, vis=PREMIUM)
INFO:services.grading_service:✅ Graded prediction: a5c5fb7f-3dce-4d06-a0ab-d91507b7483b (result=WIN, clv=0.00, brier=0.1580)
INFO:services.snapshot_capture:📸 Captured odds snapshot: 99b896f5-c8f8-4a42-8907-e12643e81943 for nba_sample_14_20260119142355 (SPREAD:FULL_GAME, draftkings)
INFO:services.sim_run_tracker:📊 Created sim_run: 1d247e80-feae-491a-8c96-872ad4f00c6a for nba_sample_14_20260119142355 (100000 iterations, trigger=auto_internal)
INFO:services.sim_run_tracker:🔗 Recorded inputs for sim_run: 1d247e80-feae-491a-8c96-872ad4f00c6a (snapshot=99b896f5-c8f8-4a42-8907-e12643e81943)
INFO:services.sim_run_tracker:✅ Sim run 1d247e80-feae-491a-8c96-872ad4f00c6a completed in 1000ms
INFO:services.sim_run_tracker:🎯 Created prediction: c07b1d03-d74f-4220-a747-4943027e2227 for nba_sample_14_20260119142355 (SPREAD:FULL_GAME, state=PICK)
INFO:services.publishing_service:📢 Published prediction: 44f90ac7-b6f1-40b9-b891-ccf0efa9e357 (pred=c07b1d03-d74f-4220-a747-4943027e2227, channel=TELEGRAM, vis=PREMIUM)
INFO:services.grading_service:✅ Graded prediction: 4967b9fa-eb7e-458c-807a-09ae16ddc23c (result=WIN, clv=0.00, brier=0.1731)
INFO:services.snapshot_capture:📸 Captured odds snapshot: 5808c4cb-082a-427d-a993-b48072326043 for nba_sample_15_20260119142355 (SPREAD:FULL_GAME, draftkings)
INFO:services.sim_run_tracker:📊 Created sim_run: cf619a20-aa30-4ceb-a720-c1b4112bb3a9 for nba_sample_15_20260119142355 (100000 iterations, trigger=auto_internal)
INFO:services.sim_run_tracker:🔗 Recorded inputs for sim_run: cf619a20-aa30-4ceb-a720-c1b4112bb3a9 (snapshot=5808c4cb-082a-427d-a993-b48072326043)
INFO:services.sim_run_tracker:✅ Sim run cf619a20-aa30-4ceb-a720-c1b4112bb3a9 completed in 1000ms
INFO:services.sim_run_tracker:🎯 Created prediction: a2841f26-4112-4836-843e-72e5d1f33f2f for nba_sample_15_20260119142355 (SPREAD:FULL_GAME, state=PICK)
INFO:services.publishing_service:📢 Published prediction: db0481de-2f7d-4639-8d2b-d4cf9f3f0672 (pred=a2841f26-4112-4836-843e-72e5d1f33f2f, channel=TELEGRAM, vis=PREMIUM)
INFO:services.grading_service:✅ Graded prediction: b7ef0604-a0db-44b4-bc63-e8cdea2365b5 (result=WIN, clv=0.00, brier=0.1800)
INFO:services.snapshot_capture:📸 Captured odds snapshot: 39bf8012-486a-4356-a796-5f82f11b719c for nba_sample_16_20260119142355 (SPREAD:FULL_GAME, draftkings)
INFO:services.sim_run_tracker:📊 Created sim_run: 167cf087-0843-4b5e-bb02-db8a256c7b66 for nba_sample_16_20260119142355 (100000 iterations, trigger=auto_internal)
INFO:services.sim_run_tracker:🔗 Recorded inputs for sim_run: 167cf087-0843-4b5e-bb02-db8a256c7b66 (snapshot=39bf8012-486a-4356-a796-5f82f11b719c)
INFO:services.sim_run_tracker:✅ Sim run 167cf087-0843-4b5e-bb02-db8a256c7b66 completed in 1000ms
INFO:services.sim_run_tracker:🎯 Created prediction: 396e5ad0-665a-4172-9ca6-390baf2f2222 for nba_sample_16_20260119142355 (SPREAD:FULL_GAME, state=PICK)
INFO:services.publishing_service:📢 Published prediction: 45822acf-cea0-4d0f-9bc8-9287618cdf7d (pred=396e5ad0-665a-4172-9ca6-390baf2f2222, channel=TELEGRAM, vis=PREMIUM)
INFO:services.grading_service:✅ Graded prediction: 27e7759b-a01d-45f6-a242-f626c9a81be5 (result=WIN, clv=0.00, brier=0.1794)
INFO:services.snapshot_capture:📸 Captured odds snapshot: b311a60f-269a-4f1f-8a9f-fef0076a046a for nba_sample_17_20260119142355 (SPREAD:FULL_GAME, draftkings)
INFO:services.sim_run_tracker:📊 Created sim_run: 5fc9adce-5dac-494d-ac8a-59ddb69b37fb for nba_sample_17_20260119142355 (100000 iterations, trigger=auto_internal)
INFO:services.sim_run_tracker:🔗 Recorded inputs for sim_run: 5fc9adce-5dac-494d-ac8a-59ddb69b37fb (snapshot=b311a60f-269a-4f1f-8a9f-fef0076a046a)
INFO:services.sim_run_tracker:✅ Sim run 5fc9adce-5dac-494d-ac8a-59ddb69b37fb completed in 1000ms
INFO:services.sim_run_tracker:🎯 Created prediction: 40c0b4f8-3057-4b5a-affe-8a9b902f655b for nba_sample_17_20260119142355 (SPREAD:FULL_GAME, state=PICK)
INFO:services.publishing_service:📢 Published prediction: 9fcad815-f797-4aef-9e5d-d25c52aa5723 (pred=40c0b4f8-3057-4b5a-affe-8a9b902f655b, channel=TELEGRAM, vis=PREMIUM)
INFO:services.grading_service:✅ Graded prediction: 527fe7b2-3e01-4ce6-b984-0bec47a61eb5 (result=LOSS, clv=0.00, brier=0.2850)
INFO:services.snapshot_capture:📸 Captured odds snapshot: 435e8eb5-0335-4881-9d96-88c50860be68 for nba_sample_18_20260119142355 (SPREAD:FULL_GAME, draftkings)
INFO:services.sim_run_tracker:📊 Created sim_run: 292c5afe-e86e-4d64-8af8-cbf5c0930649 for nba_sample_18_20260119142355 (100000 iterations, trigger=auto_internal)
INFO:services.sim_run_tracker:🔗 Recorded inputs for sim_run: 292c5afe-e86e-4d64-8af8-cbf5c0930649 (snapshot=435e8eb5-0335-4881-9d96-88c50860be68)
INFO:services.sim_run_tracker:✅ Sim run 292c5afe-e86e-4d64-8af8-cbf5c0930649 completed in 1000ms
INFO:services.sim_run_tracker:🎯 Created prediction: 3910bc25-5e94-4f56-b039-720a3f2ec8b4 for nba_sample_18_20260119142355 (SPREAD:FULL_GAME, state=PICK)
INFO:services.publishing_service:📢 Published prediction: 09f08f7d-2a57-4080-b3bb-6ae3ec171db5 (pred=3910bc25-5e94-4f56-b039-720a3f2ec8b4, channel=TELEGRAM, vis=PREMIUM)
INFO:services.grading_service:✅ Graded prediction: c89a56f2-e87d-4a09-9ddd-9f9e128d719f (result=LOSS, clv=0.00, brier=0.3195)
INFO:services.snapshot_capture:📸 Captured odds snapshot: 4a9b7644-f284-4812-a46b-0949acea66e1 for nba_sample_19_20260119142355 (SPREAD:FULL_GAME, draftkings)
INFO:services.sim_run_tracker:📊 Created sim_run: 5b07d44f-ff30-40db-8cbd-9ba9363889f8 for nba_sample_19_20260119142355 (100000 iterations, trigger=auto_internal)
INFO:services.sim_run_tracker:🔗 Recorded inputs for sim_run: 5b07d44f-ff30-40db-8cbd-9ba9363889f8 (snapshot=4a9b7644-f284-4812-a46b-0949acea66e1)
INFO:services.sim_run_tracker:✅ Sim run 5b07d44f-ff30-40db-8cbd-9ba9363889f8 completed in 1000ms
INFO:services.sim_run_tracker:🎯 Created prediction: c75dd3c8-0055-4cbc-ad45-033b6399e8f7 for nba_sample_19_20260119142355 (SPREAD:FULL_GAME, state=PICK)
INFO:services.publishing_service:📢 Published prediction: dcc9a0b9-cfea-4f59-ba5a-43fbbdb06e10 (pred=c75dd3c8-0055-4cbc-ad45-033b6399e8f7, channel=TELEGRAM, vis=PREMIUM)
INFO:services.grading_service:✅ Graded prediction: 9842fbd4-f833-4b40-8eb2-8afe32c290d4 (result=LOSS, clv=0.00, brier=0.2769)
INFO:services.snapshot_capture:📸 Captured odds snapshot: 79327744-2d90-450c-bb54-d3ef45ce2891 for nba_sample_20_20260119142355 (SPREAD:FULL_GAME, draftkings)
INFO:services.sim_run_tracker:📊 Created sim_run: d431e592-9037-491d-9e33-e61977fa649d for nba_sample_20_20260119142355 (100000 iterations, trigger=auto_internal)
INFO:services.sim_run_tracker:🔗 Recorded inputs for sim_run: d431e592-9037-491d-9e33-e61977fa649d (snapshot=79327744-2d90-450c-bb54-d3ef45ce2891)
INFO:services.sim_run_tracker:✅ Sim run d431e592-9037-491d-9e33-e61977fa649d completed in 1000ms
INFO:services.sim_run_tracker:🎯 Created prediction: ae0c8a42-b838-422d-b90d-e5d7d8e36009 for nba_sample_20_20260119142355 (SPREAD:FULL_GAME, state=EDGE)
INFO:services.publishing_service:📢 Published prediction: b8cc3e49-806d-4e80-9a04-4c8cf1cf00c6 (pred=ae0c8a42-b838-422d-b90d-e5d7d8e36009, channel=TELEGRAM, vis=PREMIUM)
INFO:services.grading_service:✅ Graded prediction: 2bbf141c-8d46-4dd4-88a1-8264354620ae (result=LOSS, clv=0.00, brier=0.4671)
INFO:services.snapshot_capture:📸 Captured odds snapshot: 3409fccb-38c3-4de6-b46e-beb9d9803f68 for nba_sample_21_20260119142355 (SPREAD:FULL_GAME, draftkings)
INFO:services.sim_run_tracker:📊 Created sim_run: 6aefb3a2-d263-497e-bd37-a405f1c9ef12 for nba_sample_21_20260119142355 (100000 iterations, trigger=auto_internal)
INFO:services.sim_run_tracker:🔗 Recorded inputs for sim_run: 6aefb3a2-d263-497e-bd37-a405f1c9ef12 (snapshot=3409fccb-38c3-4de6-b46e-beb9d9803f68)
INFO:services.sim_run_tracker:✅ Sim run 6aefb3a2-d263-497e-bd37-a405f1c9ef12 completed in 1000ms
INFO:services.sim_run_tracker:🎯 Created prediction: 9773c475-a599-454c-b323-3ead82e1fdda for nba_sample_21_20260119142355 (SPREAD:FULL_GAME, state=EDGE)
INFO:services.publishing_service:📢 Published prediction: 3b8dd656-bdb5-47cb-b0b3-a5e109ed2cf3 (pred=9773c475-a599-454c-b323-3ead82e1fdda, channel=TELEGRAM, vis=PREMIUM)
INFO:services.grading_service:✅ Graded prediction: 551df1f2-3417-4f58-aafe-e9b869aa875e (result=WIN, clv=0.00, brier=0.1113)
INFO:services.snapshot_capture:📸 Captured odds snapshot: 6807992a-84ae-4c35-9d26-25e0efe89e61 for nba_sample_22_20260119142355 (SPREAD:FULL_GAME, draftkings)
INFO:services.sim_run_tracker:📊 Created sim_run: c9a3e396-4399-42a6-b07e-8d57adcd46e0 for nba_sample_22_20260119142355 (100000 iterations, trigger=auto_internal)
INFO:services.sim_run_tracker:🔗 Recorded inputs for sim_run: c9a3e396-4399-42a6-b07e-8d57adcd46e0 (snapshot=6807992a-84ae-4c35-9d26-25e0efe89e61)
INFO:services.sim_run_tracker:✅ Sim run c9a3e396-4399-42a6-b07e-8d57adcd46e0 completed in 1000ms
INFO:services.sim_run_tracker:🎯 Created prediction: 41b108bb-7a41-4c4d-8b8f-a588b51a62f3 for nba_sample_22_20260119142355 (SPREAD:FULL_GAME, state=PICK)
INFO:services.publishing_service:📢 Published prediction: 1a355e0e-710d-4e99-8486-752f8a46d62e (pred=41b108bb-7a41-4c4d-8b8f-a588b51a62f3, channel=TELEGRAM, vis=PREMIUM)
INFO:services.grading_service:✅ Graded prediction: d6ea432b-aa60-425d-a42b-098bc1d49d73 (result=WIN, clv=0.00, brier=0.2162)
INFO:services.snapshot_capture:📸 Captured odds snapshot: 9d048d39-c7e1-4f71-a4b4-637f0cd3d80c for nba_sample_23_20260119142355 (SPREAD:FULL_GAME, draftkings)
INFO:services.sim_run_tracker:📊 Created sim_run: aeccfb15-b363-4501-84e0-0a56a4ac6555 for nba_sample_23_20260119142355 (100000 iterations, trigger=auto_internal)
INFO:services.sim_run_tracker:🔗 Recorded inputs for sim_run: aeccfb15-b363-4501-84e0-0a56a4ac6555 (snapshot=9d048d39-c7e1-4f71-a4b4-637f0cd3d80c)
INFO:services.sim_run_tracker:✅ Sim run aeccfb15-b363-4501-84e0-0a56a4ac6555 completed in 1000ms
INFO:services.sim_run_tracker:🎯 Created prediction: 5a9b5626-b2b3-42a2-b7ed-7f2f38b84f4b for nba_sample_23_20260119142355 (SPREAD:FULL_GAME, state=EDGE)
INFO:services.publishing_service:📢 Published prediction: cbb31e34-bdb0-4995-85f8-4a4725299160 (pred=5a9b5626-b2b3-42a2-b7ed-7f2f38b84f4b, channel=TELEGRAM, vis=PREMIUM)
INFO:services.grading_service:✅ Graded prediction: 16fc95c8-abd1-483c-b300-fbd3da3b5171 (result=LOSS, clv=0.00, brier=0.4424)
INFO:services.snapshot_capture:📸 Captured odds snapshot: d5aee581-8553-4fb5-96fc-54e73ce1f176 for nba_sample_24_20260119142355 (SPREAD:FULL_GAME, draftkings)
INFO:services.sim_run_tracker:📊 Created sim_run: 84685c14-0056-4164-9feb-e3f92e4ab9aa for nba_sample_24_20260119142355 (100000 iterations, trigger=auto_internal)
INFO:services.sim_run_tracker:🔗 Recorded inputs for sim_run: 84685c14-0056-4164-9feb-e3f92e4ab9aa (snapshot=d5aee581-8553-4fb5-96fc-54e73ce1f176)
INFO:services.sim_run_tracker:✅ Sim run 84685c14-0056-4164-9feb-e3f92e4ab9aa completed in 1000ms
INFO:services.sim_run_tracker:🎯 Created prediction: 9c73de51-4412-44e8-bfa5-f282c45f4672 for nba_sample_24_20260119142355 (SPREAD:FULL_GAME, state=PICK)
INFO:services.publishing_service:📢 Published prediction: 05836c49-6d84-4f68-b2f7-3b1567ab4462 (pred=9c73de51-4412-44e8-bfa5-f282c45f4672, channel=TELEGRAM, vis=PREMIUM)
INFO:services.grading_service:✅ Graded prediction: 62351450-d0d4-40d4-b2c6-59d64e61406d (result=WIN, clv=0.00, brier=0.2226)
INFO:services.snapshot_capture:📸 Captured odds snapshot: 784546ec-7c8d-4ec3-948a-f8412bae4f36 for nba_sample_25_20260119142355 (SPREAD:FULL_GAME, draftkings)
INFO:services.sim_run_tracker:📊 Created sim_run: e9e4976c-c58c-40fa-a077-f38cdd1c00fb for nba_sample_25_20260119142355 (100000 iterations, trigger=auto_internal)
INFO:services.sim_run_tracker:🔗 Recorded inputs for sim_run: e9e4976c-c58c-40fa-a077-f38cdd1c00fb (snapshot=784546ec-7c8d-4ec3-948a-f8412bae4f36)
INFO:services.sim_run_tracker:✅ Sim run e9e4976c-c58c-40fa-a077-f38cdd1c00fb completed in 1000ms
INFO:services.sim_run_tracker:🎯 Created prediction: d7b07c25-2fed-45f1-ab25-9ebb60e8b480 for nba_sample_25_20260119142355 (SPREAD:FULL_GAME, state=PICK)
INFO:services.publishing_service:📢 Published prediction: 7a6b70e9-994d-46e1-8c03-6f48d8dd46a9 (pred=d7b07c25-2fed-45f1-ab25-9ebb60e8b480, channel=TELEGRAM, vis=PREMIUM)
INFO:services.grading_service:✅ Graded prediction: 134d273d-eda0-4205-9476-ff80fb24582b (result=LOSS, clv=0.00, brier=0.3528)
INFO:services.snapshot_capture:📸 Captured odds snapshot: b4a438eb-3b22-4c64-9bb9-81a8053a7d9f for nba_sample_26_20260119142355 (SPREAD:FULL_GAME, draftkings)
INFO:services.sim_run_tracker:📊 Created sim_run: 9ea68fc6-a681-48b9-a63f-639b5d664764 for nba_sample_26_20260119142355 (100000 iterations, trigger=auto_internal)
INFO:services.sim_run_tracker:🔗 Recorded inputs for sim_run: 9ea68fc6-a681-48b9-a63f-639b5d664764 (snapshot=b4a438eb-3b22-4c64-9bb9-81a8053a7d9f)
INFO:services.sim_run_tracker:✅ Sim run 9ea68fc6-a681-48b9-a63f-639b5d664764 completed in 1000ms
INFO:services.sim_run_tracker:🎯 Created prediction: 60f40557-24f5-45bb-b7a5-16c2c7b130bd for nba_sample_26_20260119142355 (SPREAD:FULL_GAME, state=PICK)
INFO:services.publishing_service:📢 Published prediction: 5c9d7a64-6458-4594-ab9d-957680dd67b3 (pred=60f40557-24f5-45bb-b7a5-16c2c7b130bd, channel=TELEGRAM, vis=PREMIUM)
INFO:services.grading_service:✅ Graded prediction: 2a82681d-d156-4e44-81fd-f02db1a1210a (result=WIN, clv=0.00, brier=0.2022)
INFO:services.snapshot_capture:📸 Captured odds snapshot: 20f33ae4-b4f2-4473-a306-eb011893b4f8 for nba_sample_27_20260119142355 (SPREAD:FULL_GAME, draftkings)
INFO:services.sim_run_tracker:📊 Created sim_run: bf50d954-df68-43e7-87dd-5ac67284854b for nba_sample_27_20260119142355 (100000 iterations, trigger=auto_internal)
INFO:services.sim_run_tracker:🔗 Recorded inputs for sim_run: bf50d954-df68-43e7-87dd-5ac67284854b (snapshot=20f33ae4-b4f2-4473-a306-eb011893b4f8)
INFO:services.sim_run_tracker:✅ Sim run bf50d954-df68-43e7-87dd-5ac67284854b completed in 1000ms
INFO:services.sim_run_tracker:🎯 Created prediction: 0e84e931-9fe7-4ce7-bed3-170015f5c24a for nba_sample_27_20260119142355 (SPREAD:FULL_GAME, state=EDGE)
INFO:services.publishing_service:📢 Published prediction: aab218f0-a35f-40c0-ae7d-733fafc087f0 (pred=0e84e931-9fe7-4ce7-bed3-170015f5c24a, channel=TELEGRAM, vis=PREMIUM)
INFO:services.grading_service:✅ Graded prediction: 0a07a3db-ac49-4d98-b86e-b5365b73018e (result=LOSS, clv=0.00, brier=0.4453)
INFO:services.snapshot_capture:📸 Captured odds snapshot: 70af3795-ed5a-437c-8b2b-dfda983b6d0a for nba_sample_28_20260119142355 (SPREAD:FULL_GAME, draftkings)
INFO:services.sim_run_tracker:📊 Created sim_run: c1fd4858-82f7-4f4f-89a1-4afb0cabc523 for nba_sample_28_20260119142355 (100000 iterations, trigger=auto_internal)
INFO:services.sim_run_tracker:🔗 Recorded inputs for sim_run: c1fd4858-82f7-4f4f-89a1-4afb0cabc523 (snapshot=70af3795-ed5a-437c-8b2b-dfda983b6d0a)
INFO:services.sim_run_tracker:✅ Sim run c1fd4858-82f7-4f4f-89a1-4afb0cabc523 completed in 1000ms
INFO:services.sim_run_tracker:🎯 Created prediction: e0a94bbd-ad14-4b6c-b9de-0586777b915c for nba_sample_28_20260119142355 (SPREAD:FULL_GAME, state=PICK)
INFO:services.publishing_service:📢 Published prediction: b549e0a0-10c0-4a38-bc9d-3b9e9aa7297e (pred=e0a94bbd-ad14-4b6c-b9de-0586777b915c, channel=TELEGRAM, vis=PREMIUM)
INFO:services.grading_service:✅ Graded prediction: 573cfdf5-d061-4e37-8200-b52ecb6cbae8 (result=WIN, clv=0.00, brier=0.1988)
INFO:services.snapshot_capture:📸 Captured odds snapshot: 4c9e7736-b8b5-4602-8503-9bca125b704b for nba_sample_29_20260119142355 (SPREAD:FULL_GAME, draftkings)
INFO:services.sim_run_tracker:📊 Created sim_run: defa368c-52b4-4afd-828f-4193e5fb4ce3 for nba_sample_29_20260119142355 (100000 iterations, trigger=auto_internal)
INFO:services.sim_run_tracker:🔗 Recorded inputs for sim_run: defa368c-52b4-4afd-828f-4193e5fb4ce3 (snapshot=4c9e7736-b8b5-4602-8503-9bca125b704b)
INFO:services.sim_run_tracker:✅ Sim run defa368c-52b4-4afd-828f-4193e5fb4ce3 completed in 1000ms
INFO:services.sim_run_tracker:🎯 Created prediction: dfc2794e-1883-4c83-9013-fe0ce5433abc for nba_sample_29_20260119142355 (SPREAD:FULL_GAME, state=EDGE)
INFO:services.publishing_service:📢 Published prediction: 7614da06-dbda-4fc5-8811-85bface7639b (pred=dfc2794e-1883-4c83-9013-fe0ce5433abc, channel=TELEGRAM, vis=PREMIUM)
INFO:services.grading_service:✅ Graded prediction: 8994d13a-4ae2-42c4-b8c7-abf285a3c25e (result=WIN, clv=0.00, brier=0.1068)
INFO:services.snapshot_capture:📸 Captured odds snapshot: c47f3d70-87b4-4b3d-8ad2-ad48bac3ee0c for nba_sample_30_20260119142355 (SPREAD:FULL_GAME, draftkings)
INFO:services.sim_run_tracker:📊 Created sim_run: e90861d4-1e53-4d36-83ad-c46c04122316 for nba_sample_30_20260119142355 (100000 iterations, trigger=auto_internal)
INFO:services.sim_run_tracker:🔗 Recorded inputs for sim_run: e90861d4-1e53-4d36-83ad-c46c04122316 (snapshot=c47f3d70-87b4-4b3d-8ad2-ad48bac3ee0c)
INFO:services.sim_run_tracker:✅ Sim run e90861d4-1e53-4d36-83ad-c46c04122316 completed in 1000ms
INFO:services.sim_run_tracker:🎯 Created prediction: 9bd2a8e1-8cc3-4146-8716-d98352ad724e for nba_sample_30_20260119142355 (SPREAD:FULL_GAME, state=PICK)
INFO:services.publishing_service:📢 Published prediction: 1a584c91-a219-4af6-bccf-79917ecb6aac (pred=9bd2a8e1-8cc3-4146-8716-d98352ad724e, channel=TELEGRAM, vis=PREMIUM)
INFO:services.grading_service:✅ Graded prediction: 00b85769-1aa6-40d7-a58f-466e5e738039 (result=WIN, clv=0.00, brier=0.1722)
INFO:services.snapshot_capture:📸 Captured odds snapshot: ae571f06-a551-4c62-b2db-6a1053488645 for nba_sample_31_20260119142355 (SPREAD:FULL_GAME, draftkings)
INFO:services.sim_run_tracker:📊 Created sim_run: 79b263ee-9994-461e-b672-441c76acd05c for nba_sample_31_20260119142355 (100000 iterations, trigger=auto_internal)
INFO:services.sim_run_tracker:🔗 Recorded inputs for sim_run: 79b263ee-9994-461e-b672-441c76acd05c (snapshot=ae571f06-a551-4c62-b2db-6a1053488645)
INFO:services.sim_run_tracker:✅ Sim run 79b263ee-9994-461e-b672-441c76acd05c completed in 1000ms
INFO:services.sim_run_tracker:🎯 Created prediction: e6cbcca9-303c-4e8a-8ed2-7f59f4253b97 for nba_sample_31_20260119142355 (SPREAD:FULL_GAME, state=EDGE)
INFO:services.publishing_service:📢 Published prediction: db111e5c-765d-4fa6-a09d-933b8211db1c (pred=e6cbcca9-303c-4e8a-8ed2-7f59f4253b97, channel=TELEGRAM, vis=PREMIUM)
INFO:services.grading_service:✅ Graded prediction: eb2e0295-43fc-4e9e-a2c8-2241c3a57bc8 (result=WIN, clv=0.00, brier=0.0810)
INFO:services.snapshot_capture:📸 Captured odds snapshot: 7de99c67-7ace-4550-9927-57c96adf567e for nba_sample_32_20260119142355 (SPREAD:FULL_GAME, draftkings)
INFO:services.sim_run_tracker:📊 Created sim_run: bb1d5d17-e3f4-49a8-9646-ef24d613f88b for nba_sample_32_20260119142355 (100000 iterations, trigger=auto_internal)
INFO:services.sim_run_tracker:🔗 Recorded inputs for sim_run: bb1d5d17-e3f4-49a8-9646-ef24d613f88b (snapshot=7de99c67-7ace-4550-9927-57c96adf567e)
INFO:services.sim_run_tracker:✅ Sim run bb1d5d17-e3f4-49a8-9646-ef24d613f88b completed in 1000ms
INFO:services.sim_run_tracker:🎯 Created prediction: d50f53e1-0634-43ea-8862-d11aa404038e for nba_sample_32_20260119142355 (SPREAD:FULL_GAME, state=EDGE)
INFO:services.publishing_service:📢 Published prediction: 60398006-ec45-4a04-9c4d-16bf1d567423 (pred=d50f53e1-0634-43ea-8862-d11aa404038e, channel=TELEGRAM, vis=PREMIUM)
INFO:services.grading_service:✅ Graded prediction: 18c9d49a-1eb3-415b-89ee-f4b0892615a3 (result=WIN, clv=0.00, brier=0.1257)
INFO:services.snapshot_capture:📸 Captured odds snapshot: 70b811e4-b92e-41e2-9c87-20465349e226 for nba_sample_33_20260119142355 (SPREAD:FULL_GAME, draftkings)
INFO:services.sim_run_tracker:📊 Created sim_run: 683878fc-5b81-45b3-95a0-7ecc9069368f for nba_sample_33_20260119142355 (100000 iterations, trigger=auto_internal)
INFO:services.sim_run_tracker:🔗 Recorded inputs for sim_run: 683878fc-5b81-45b3-95a0-7ecc9069368f (snapshot=70b811e4-b92e-41e2-9c87-20465349e226)
INFO:services.sim_run_tracker:✅ Sim run 683878fc-5b81-45b3-95a0-7ecc9069368f completed in 1000ms
INFO:services.sim_run_tracker:🎯 Created prediction: 4da1e4eb-9d98-49bc-921d-5c3bf82fd2a0 for nba_sample_33_20260119142355 (SPREAD:FULL_GAME, state=EDGE)
INFO:services.publishing_service:📢 Published prediction: be11e462-fe13-4c01-a534-b658c9c2ffa5 (pred=4da1e4eb-9d98-49bc-921d-5c3bf82fd2a0, channel=TELEGRAM, vis=PREMIUM)
INFO:services.grading_service:✅ Graded prediction: a628a5a2-07be-487d-b114-18aaad83f15d (result=LOSS, clv=0.00, brier=0.5468)
INFO:services.snapshot_capture:📸 Captured odds snapshot: d3e7b34f-0816-43f8-a326-d318241a1c78 for nba_sample_34_20260119142355 (SPREAD:FULL_GAME, draftkings)
INFO:services.sim_run_tracker:📊 Created sim_run: b797ebc6-1e15-4aa0-bcd7-d28381f5bd7d for nba_sample_34_20260119142355 (100000 iterations, trigger=auto_internal)
INFO:services.sim_run_tracker:🔗 Recorded inputs for sim_run: b797ebc6-1e15-4aa0-bcd7-d28381f5bd7d (snapshot=d3e7b34f-0816-43f8-a326-d318241a1c78)
INFO:services.sim_run_tracker:✅ Sim run b797ebc6-1e15-4aa0-bcd7-d28381f5bd7d completed in 1000ms
INFO:services.sim_run_tracker:🎯 Created prediction: b397566d-52a8-4246-8a8e-47693e81c9ca for nba_sample_34_20260119142355 (SPREAD:FULL_GAME, state=EDGE)
INFO:services.publishing_service:📢 Published prediction: 13297200-76b9-41c1-86cd-2d18a6ec17d3 (pred=b397566d-52a8-4246-8a8e-47693e81c9ca, channel=TELEGRAM, vis=PREMIUM)
INFO:services.grading_service:✅ Graded prediction: f13eb4da-c632-4552-a81f-89d175e631e9 (result=WIN, clv=0.00, brier=0.0862)
INFO:services.snapshot_capture:📸 Captured odds snapshot: 422298de-b191-4699-83e3-91d4b175be57 for nba_sample_35_20260119142355 (SPREAD:FULL_GAME, draftkings)
INFO:services.sim_run_tracker:📊 Created sim_run: f87959a0-d05c-46b5-be12-8b12c605f03c for nba_sample_35_20260119142355 (100000 iterations, trigger=auto_internal)
INFO:services.sim_run_tracker:🔗 Recorded inputs for sim_run: f87959a0-d05c-46b5-be12-8b12c605f03c (snapshot=422298de-b191-4699-83e3-91d4b175be57)
INFO:services.sim_run_tracker:✅ Sim run f87959a0-d05c-46b5-be12-8b12c605f03c completed in 1000ms
INFO:services.sim_run_tracker:🎯 Created prediction: 1e39b93a-0c6b-44de-998c-97c77bef7b48 for nba_sample_35_20260119142355 (SPREAD:FULL_GAME, state=EDGE)
INFO:services.publishing_service:📢 Published prediction: 4d204f58-8bb8-4f0d-b835-c540db1fe823 (pred=1e39b93a-0c6b-44de-998c-97c77bef7b48, channel=TELEGRAM, vis=PREMIUM)
INFO:services.grading_service:✅ Graded prediction: 8dc2e05e-a1bc-46c5-b550-8d3e9bc4b257 (result=WIN, clv=0.00, brier=0.1451)
INFO:services.snapshot_capture:📸 Captured odds snapshot: 41977a87-2962-4e07-946d-fc318165ec02 for nba_sample_36_20260119142355 (SPREAD:FULL_GAME, draftkings)
INFO:services.sim_run_tracker:📊 Created sim_run: d1dc2568-b111-4286-b653-488ade424842 for nba_sample_36_20260119142355 (100000 iterations, trigger=auto_internal)
INFO:services.sim_run_tracker:🔗 Recorded inputs for sim_run: d1dc2568-b111-4286-b653-488ade424842 (snapshot=41977a87-2962-4e07-946d-fc318165ec02)
INFO:services.sim_run_tracker:✅ Sim run d1dc2568-b111-4286-b653-488ade424842 completed in 1000ms
INFO:services.sim_run_tracker:🎯 Created prediction: 4fa6ba1e-f00b-4ad4-a2ea-95a7d2015e47 for nba_sample_36_20260119142355 (SPREAD:FULL_GAME, state=EDGE)
INFO:services.publishing_service:📢 Published prediction: 6ca9ded2-7bf0-4e73-b84b-41dd0af1d39b (pred=4fa6ba1e-f00b-4ad4-a2ea-95a7d2015e47, channel=TELEGRAM, vis=PREMIUM)
INFO:services.grading_service:✅ Graded prediction: 10258cea-50af-4b8d-ad78-87489cfa37ad (result=WIN, clv=0.00, brier=0.1303)
INFO:services.snapshot_capture:📸 Captured odds snapshot: fb11bc62-9006-434f-9621-2ac86b7094d3 for nba_sample_37_20260119142355 (SPREAD:FULL_GAME, draftkings)
INFO:services.sim_run_tracker:📊 Created sim_run: a81df6cd-39f2-4eb7-a06f-257bac45e718 for nba_sample_37_20260119142355 (100000 iterations, trigger=auto_internal)
INFO:services.sim_run_tracker:🔗 Recorded inputs for sim_run: a81df6cd-39f2-4eb7-a06f-257bac45e718 (snapshot=fb11bc62-9006-434f-9621-2ac86b7094d3)
INFO:services.sim_run_tracker:✅ Sim run a81df6cd-39f2-4eb7-a06f-257bac45e718 completed in 1000ms
INFO:services.sim_run_tracker:🎯 Created prediction: 404caaf7-409d-40e6-b062-af030e6e3a01 for nba_sample_37_20260119142355 (SPREAD:FULL_GAME, state=EDGE)
INFO:services.publishing_service:📢 Published prediction: 3fda2676-bbb3-4ea6-8936-70169a01605b (pred=404caaf7-409d-40e6-b062-af030e6e3a01, channel=TELEGRAM, vis=PREMIUM)
INFO:services.grading_service:✅ Graded prediction: cdb240be-fb19-4ed5-a337-68ed4525218a (result=WIN, clv=0.00, brier=0.1094)
INFO:services.snapshot_capture:📸 Captured odds snapshot: 74a6aad8-1650-44c6-980e-3c1c6af87a6d for nba_sample_38_20260119142355 (SPREAD:FULL_GAME, draftkings)
INFO:services.sim_run_tracker:📊 Created sim_run: 0afbf33a-0980-4406-bd11-c68aec367416 for nba_sample_38_20260119142355 (100000 iterations, trigger=auto_internal)
INFO:services.sim_run_tracker:🔗 Recorded inputs for sim_run: 0afbf33a-0980-4406-bd11-c68aec367416 (snapshot=74a6aad8-1650-44c6-980e-3c1c6af87a6d)
INFO:services.sim_run_tracker:✅ Sim run 0afbf33a-0980-4406-bd11-c68aec367416 completed in 1000ms
INFO:services.sim_run_tracker:🎯 Created prediction: acb3baea-9d22-40bb-aa40-d9ea908cb6d4 for nba_sample_38_20260119142355 (SPREAD:FULL_GAME, state=EDGE)
INFO:services.publishing_service:📢 Published prediction: 5547f15e-3b23-4f60-a7a9-3df1de33bd1c (pred=acb3baea-9d22-40bb-aa40-d9ea908cb6d4, channel=TELEGRAM, vis=PREMIUM)
INFO:services.grading_service:✅ Graded prediction: 543c243d-6837-421d-a56f-6ed8d2b6d867 (result=WIN, clv=0.00, brier=0.0833)
INFO:services.snapshot_capture:📸 Captured odds snapshot: f54b8be9-2024-4a41-9596-428c39847573 for nba_sample_39_20260119142355 (SPREAD:FULL_GAME, draftkings)
INFO:services.sim_run_tracker:📊 Created sim_run: a53c3744-eb22-444f-b586-8085c884238c for nba_sample_39_20260119142355 (100000 iterations, trigger=auto_internal)
INFO:services.sim_run_tracker:🔗 Recorded inputs for sim_run: a53c3744-eb22-444f-b586-8085c884238c (snapshot=f54b8be9-2024-4a41-9596-428c39847573)
INFO:services.sim_run_tracker:✅ Sim run a53c3744-eb22-444f-b586-8085c884238c completed in 1000ms
INFO:services.sim_run_tracker:🎯 Created prediction: dc8671f4-e454-4521-8dc5-a74f9cdb2a3e for nba_sample_39_20260119142355 (SPREAD:FULL_GAME, state=EDGE)
INFO:services.publishing_service:📢 Published prediction: 197eeb7b-ddaf-499d-8367-cf36f44df343 (pred=dc8671f4-e454-4521-8dc5-a74f9cdb2a3e, channel=TELEGRAM, vis=PREMIUM)
INFO:services.grading_service:✅ Graded prediction: a2e9119c-b943-48ec-806b-dbb3baf8bbf2 (result=LOSS, clv=0.00, brier=0.4952)
INFO:services.snapshot_capture:📸 Captured odds snapshot: d28273c6-3819-4d6a-a41b-df2c47e63e05 for nba_sample_40_20260119142355 (SPREAD:FULL_GAME, draftkings)
INFO:services.sim_run_tracker:📊 Created sim_run: 28f1d72f-00bc-4cef-8b94-7e3e5239a5db for nba_sample_40_20260119142355 (100000 iterations, trigger=auto_internal)
INFO:services.sim_run_tracker:🔗 Recorded inputs for sim_run: 28f1d72f-00bc-4cef-8b94-7e3e5239a5db (snapshot=d28273c6-3819-4d6a-a41b-df2c47e63e05)
INFO:services.sim_run_tracker:✅ Sim run 28f1d72f-00bc-4cef-8b94-7e3e5239a5db completed in 1000ms
INFO:services.sim_run_tracker:🎯 Created prediction: 1d305555-63c5-4724-8c7a-448772416329 for nba_sample_40_20260119142355 (SPREAD:FULL_GAME, state=EDGE)
INFO:services.publishing_service:📢 Published prediction: 6f00f979-ec60-417c-afdc-2dccafb91bf7 (pred=1d305555-63c5-4724-8c7a-448772416329, channel=TELEGRAM, vis=PREMIUM)
INFO:services.grading_service:✅ Graded prediction: 7417e541-3f2a-4e6a-8e7e-ede2870ffb84 (result=WIN, clv=0.00, brier=0.1169)
INFO:services.snapshot_capture:📸 Captured odds snapshot: 12706129-9e8c-43cf-a36e-02c7c2c2b685 for nba_sample_41_20260119142355 (SPREAD:FULL_GAME, draftkings)
INFO:services.sim_run_tracker:📊 Created sim_run: 537df8ab-10f0-484b-970a-f697fc0a2661 for nba_sample_41_20260119142355 (100000 iterations, trigger=auto_internal)
INFO:services.sim_run_tracker:🔗 Recorded inputs for sim_run: 537df8ab-10f0-484b-970a-f697fc0a2661 (snapshot=12706129-9e8c-43cf-a36e-02c7c2c2b685)
INFO:services.sim_run_tracker:✅ Sim run 537df8ab-10f0-484b-970a-f697fc0a2661 completed in 1000ms
INFO:services.sim_run_tracker:🎯 Created prediction: f7d134bb-bd92-4300-9050-44beebfe1994 for nba_sample_41_20260119142355 (SPREAD:FULL_GAME, state=EDGE)
INFO:services.publishing_service:📢 Published prediction: 98b345af-cc94-4937-af37-e477456602a7 (pred=f7d134bb-bd92-4300-9050-44beebfe1994, channel=TELEGRAM, vis=PREMIUM)
INFO:services.grading_service:✅ Graded prediction: 9b61f6f5-3f85-4bd1-90bc-28c932195884 (result=WIN, clv=0.00, brier=0.1594)
INFO:services.snapshot_capture:📸 Captured odds snapshot: 6f2da6de-b5f6-4165-a1b2-8c51b7664031 for nba_sample_42_20260119142355 (SPREAD:FULL_GAME, draftkings)
INFO:services.sim_run_tracker:📊 Created sim_run: 50ce8fa1-8796-4572-beab-3f8f3193346e for nba_sample_42_20260119142355 (100000 iterations, trigger=auto_internal)
INFO:services.sim_run_tracker:🔗 Recorded inputs for sim_run: 50ce8fa1-8796-4572-beab-3f8f3193346e (snapshot=6f2da6de-b5f6-4165-a1b2-8c51b7664031)
INFO:services.sim_run_tracker:✅ Sim run 50ce8fa1-8796-4572-beab-3f8f3193346e completed in 1000ms
INFO:services.sim_run_tracker:🎯 Created prediction: 5e7eda2c-60d1-45ab-b838-fc76645fcd53 for nba_sample_42_20260119142355 (SPREAD:FULL_GAME, state=EDGE)
INFO:services.publishing_service:📢 Published prediction: 8b70308e-1400-4f68-8378-19ab60d19a13 (pred=5e7eda2c-60d1-45ab-b838-fc76645fcd53, channel=TELEGRAM, vis=PREMIUM)
INFO:services.grading_service:✅ Graded prediction: 6f2e1812-adb9-4821-b703-32dfd6131bf7 (result=WIN, clv=0.00, brier=0.1362)
INFO:services.snapshot_capture:📸 Captured odds snapshot: 2c231f21-b6a4-4c23-86e2-89fbf8f7649b for nba_sample_43_20260119142355 (SPREAD:FULL_GAME, draftkings)
INFO:services.sim_run_tracker:📊 Created sim_run: ef29434e-3c66-4726-8896-0928d6ce7bad for nba_sample_43_20260119142355 (100000 iterations, trigger=auto_internal)
INFO:services.sim_run_tracker:🔗 Recorded inputs for sim_run: ef29434e-3c66-4726-8896-0928d6ce7bad (snapshot=2c231f21-b6a4-4c23-86e2-89fbf8f7649b)
INFO:services.sim_run_tracker:✅ Sim run ef29434e-3c66-4726-8896-0928d6ce7bad completed in 1000ms
INFO:services.sim_run_tracker:🎯 Created prediction: 4d93a46e-8007-4b07-a2c0-92fa0afc33d0 for nba_sample_43_20260119142355 (SPREAD:FULL_GAME, state=EDGE)
INFO:services.publishing_service:📢 Published prediction: 52f4a75b-5cdd-4912-bbf7-905b837334f7 (pred=4d93a46e-8007-4b07-a2c0-92fa0afc33d0, channel=TELEGRAM, vis=PREMIUM)
INFO:services.grading_service:✅ Graded prediction: e8761bc4-e3ce-4ec0-afe0-70ead17486d8 (result=LOSS, clv=0.00, brier=0.4569)
INFO:services.snapshot_capture:📸 Captured odds snapshot: b51c4ceb-9fd2-4178-a360-6a1be1b988cd for nba_sample_44_20260119142355 (SPREAD:FULL_GAME, draftkings)
INFO:services.sim_run_tracker:📊 Created sim_run: bdc810b9-1539-4845-b1ed-1bb7b6a641c1 for nba_sample_44_20260119142355 (100000 iterations, trigger=auto_internal)
INFO:services.sim_run_tracker:🔗 Recorded inputs for sim_run: bdc810b9-1539-4845-b1ed-1bb7b6a641c1 (snapshot=b51c4ceb-9fd2-4178-a360-6a1be1b988cd)
INFO:services.sim_run_tracker:✅ Sim run bdc810b9-1539-4845-b1ed-1bb7b6a641c1 completed in 1000ms
INFO:services.sim_run_tracker:🎯 Created prediction: 36978260-39c1-4f63-a30d-e4f50634b909 for nba_sample_44_20260119142355 (SPREAD:FULL_GAME, state=PICK)
INFO:services.publishing_service:📢 Published prediction: 3cd36977-5d80-4d0a-8f0f-f61c35fb8df2 (pred=36978260-39c1-4f63-a30d-e4f50634b909, channel=TELEGRAM, vis=PREMIUM)
INFO:services.grading_service:✅ Graded prediction: bdf2945b-db72-4603-89e7-aec70caf48e3 (result=WIN, clv=0.00, brier=0.1873)
INFO:services.snapshot_capture:📸 Captured odds snapshot: 7aadfc4a-7bae-4720-916a-aa734b1de064 for nba_sample_45_20260119142355 (SPREAD:FULL_GAME, draftkings)
INFO:services.sim_run_tracker:📊 Created sim_run: 031e0bd0-c51a-4ed9-9dcf-19d481651111 for nba_sample_45_20260119142355 (100000 iterations, trigger=auto_internal)
INFO:services.sim_run_tracker:🔗 Recorded inputs for sim_run: 031e0bd0-c51a-4ed9-9dcf-19d481651111 (snapshot=7aadfc4a-7bae-4720-916a-aa734b1de064)
INFO:services.sim_run_tracker:✅ Sim run 031e0bd0-c51a-4ed9-9dcf-19d481651111 completed in 1000ms
INFO:services.sim_run_tracker:🎯 Created prediction: 5ab42f96-278d-450f-a70b-e601411ae7de for nba_sample_45_20260119142355 (SPREAD:FULL_GAME, state=EDGE)
INFO:services.publishing_service:📢 Published prediction: 9e3fe06c-f8c7-40c5-9855-25cf840440ea (pred=5ab42f96-278d-450f-a70b-e601411ae7de, channel=TELEGRAM, vis=PREMIUM)
INFO:services.grading_service:✅ Graded prediction: 483a5003-0ebc-4156-bc30-9862e23476ca (result=LOSS, clv=0.00, brier=0.3716)
INFO:services.snapshot_capture:📸 Captured odds snapshot: 630da889-f790-4e94-93f5-94f911fb235e for nba_sample_46_20260119142355 (SPREAD:FULL_GAME, draftkings)
INFO:services.sim_run_tracker:📊 Created sim_run: 3a0f5dfb-4a3f-4892-bc3c-f954186e7c6a for nba_sample_46_20260119142355 (100000 iterations, trigger=auto_internal)
INFO:services.sim_run_tracker:🔗 Recorded inputs for sim_run: 3a0f5dfb-4a3f-4892-bc3c-f954186e7c6a (snapshot=630da889-f790-4e94-93f5-94f911fb235e)
INFO:services.sim_run_tracker:✅ Sim run 3a0f5dfb-4a3f-4892-bc3c-f954186e7c6a completed in 1000ms
INFO:services.sim_run_tracker:🎯 Created prediction: ccba187f-a540-486d-956a-f393624217c1 for nba_sample_46_20260119142355 (SPREAD:FULL_GAME, state=PICK)
INFO:services.publishing_service:📢 Published prediction: 8a567cf5-41b1-4383-b36a-48fff8007481 (pred=ccba187f-a540-486d-956a-f393624217c1, channel=TELEGRAM, vis=PREMIUM)
INFO:services.grading_service:✅ Graded prediction: 203ba094-e75c-4ef2-90b6-a116ba19ff3e (result=WIN, clv=0.00, brier=0.1794)
INFO:services.snapshot_capture:📸 Captured odds snapshot: 3c2309ea-340f-4621-adac-abbf36a49df4 for nba_sample_47_20260119142355 (SPREAD:FULL_GAME, draftkings)
INFO:services.sim_run_tracker:📊 Created sim_run: 771e00b9-679b-4ee1-81c0-e0ac696b5b87 for nba_sample_47_20260119142355 (100000 iterations, trigger=auto_internal)
INFO:services.sim_run_tracker:🔗 Recorded inputs for sim_run: 771e00b9-679b-4ee1-81c0-e0ac696b5b87 (snapshot=3c2309ea-340f-4621-adac-abbf36a49df4)
INFO:services.sim_run_tracker:✅ Sim run 771e00b9-679b-4ee1-81c0-e0ac696b5b87 completed in 1000ms
INFO:services.sim_run_tracker:🎯 Created prediction: a81417f1-687e-44a5-b4df-027a1d6812f8 for nba_sample_47_20260119142355 (SPREAD:FULL_GAME, state=EDGE)
INFO:services.publishing_service:📢 Published prediction: c40be522-8650-4f84-b4b2-73e8eafed82c (pred=a81417f1-687e-44a5-b4df-027a1d6812f8, channel=TELEGRAM, vis=PREMIUM)
INFO:services.grading_service:✅ Graded prediction: 6a35ff2f-88ea-46a7-b061-ce212dfdc010 (result=LOSS, clv=0.00, brier=0.4320)
INFO:services.snapshot_capture:📸 Captured odds snapshot: df0e707d-9713-401b-9ad4-f7a547e2879a for nba_sample_48_20260119142355 (SPREAD:FULL_GAME, draftkings)
INFO:services.sim_run_tracker:📊 Created sim_run: e61602ff-4be4-47be-8e55-a0c0d2932c8f for nba_sample_48_20260119142355 (100000 iterations, trigger=auto_internal)
INFO:services.sim_run_tracker:🔗 Recorded inputs for sim_run: e61602ff-4be4-47be-8e55-a0c0d2932c8f (snapshot=df0e707d-9713-401b-9ad4-f7a547e2879a)
INFO:services.sim_run_tracker:✅ Sim run e61602ff-4be4-47be-8e55-a0c0d2932c8f completed in 1000ms
INFO:services.sim_run_tracker:🎯 Created prediction: 6a9b5d1b-1ae3-4fa0-9d3c-e0b57b6085ee for nba_sample_48_20260119142355 (SPREAD:FULL_GAME, state=PICK)
INFO:services.publishing_service:📢 Published prediction: cbf4155a-bbad-4f88-87ab-deb12e73271e (pred=6a9b5d1b-1ae3-4fa0-9d3c-e0b57b6085ee, channel=TELEGRAM, vis=PREMIUM)
INFO:services.grading_service:✅ Graded prediction: 5cc5d011-3ea5-4b5a-b68f-d5ed45c44f47 (result=LOSS, clv=0.00, brier=0.3365)
INFO:services.snapshot_capture:📸 Captured odds snapshot: 6f7d19f2-d541-4df8-86bc-a35fc820d73a for nba_sample_49_20260119142355 (SPREAD:FULL_GAME, draftkings)
INFO:services.sim_run_tracker:📊 Created sim_run: d88dc8c7-4668-4998-a47f-78966af22dc6 for nba_sample_49_20260119142355 (100000 iterations, trigger=auto_internal)
INFO:services.sim_run_tracker:🔗 Recorded inputs for sim_run: d88dc8c7-4668-4998-a47f-78966af22dc6 (snapshot=6f7d19f2-d541-4df8-86bc-a35fc820d73a)
INFO:services.sim_run_tracker:✅ Sim run d88dc8c7-4668-4998-a47f-78966af22dc6 completed in 1000ms
INFO:services.sim_run_tracker:🎯 Created prediction: 62dfb0e9-0cb3-489c-b1be-7371fe64d429 for nba_sample_49_20260119142355 (SPREAD:FULL_GAME, state=EDGE)
INFO:services.publishing_service:📢 Published prediction: 4928d340-3937-42dc-9e07-ea4cd6f4400c (pred=62dfb0e9-0cb3-489c-b1be-7371fe64d429, channel=TELEGRAM, vis=PREMIUM)
INFO:services.grading_service:✅ Graded prediction: f6a13e79-a1d5-4843-a790-a6c41eabb10d (result=LOSS, clv=0.00, brier=0.4530)
INFO:services.snapshot_capture:📸 Captured odds snapshot: 41b8dd2e-8196-4610-8e8e-46531ed3d073 for nba_sample_50_20260119142355 (SPREAD:FULL_GAME, draftkings)
INFO:services.sim_run_tracker:📊 Created sim_run: 5a9f4e66-4ce5-4ff1-9c83-343209cde9ac for nba_sample_50_20260119142355 (100000 iterations, trigger=auto_internal)
INFO:services.sim_run_tracker:🔗 Recorded inputs for sim_run: 5a9f4e66-4ce5-4ff1-9c83-343209cde9ac (snapshot=41b8dd2e-8196-4610-8e8e-46531ed3d073)
INFO:services.sim_run_tracker:✅ Sim run 5a9f4e66-4ce5-4ff1-9c83-343209cde9ac completed in 1000ms
INFO:services.sim_run_tracker:🎯 Created prediction: 54a23276-6b29-4b71-b405-1184cc3e9dd3 for nba_sample_50_20260119142355 (SPREAD:FULL_GAME, state=PICK)
INFO:services.publishing_service:📢 Published prediction: c4dbb880-b642-414b-a63a-9fd654fc2614 (pred=54a23276-6b29-4b71-b405-1184cc3e9dd3, channel=TELEGRAM, vis=PREMIUM)
INFO:services.grading_service:✅ Graded prediction: c586a9c9-614e-400c-9415-ec02f7b50c84 (result=LOSS, clv=0.00, brier=0.3523)
INFO:services.snapshot_capture:📸 Captured odds snapshot: 3ae8b740-3441-44f3-84a1-1ddc43ce2f96 for nba_sample_51_20260119142355 (SPREAD:FULL_GAME, draftkings)
INFO:services.sim_run_tracker:📊 Created sim_run: aac1b02f-5457-4e56-93a5-0f697c7ded69 for nba_sample_51_20260119142355 (100000 iterations, trigger=auto_internal)
INFO:services.sim_run_tracker:🔗 Recorded inputs for sim_run: aac1b02f-5457-4e56-93a5-0f697c7ded69 (snapshot=3ae8b740-3441-44f3-84a1-1ddc43ce2f96)
INFO:services.sim_run_tracker:✅ Sim run aac1b02f-5457-4e56-93a5-0f697c7ded69 completed in 1000ms
INFO:services.sim_run_tracker:🎯 Created prediction: 8cf5fd60-6f40-4015-8792-67b3331e9f92 for nba_sample_51_20260119142355 (SPREAD:FULL_GAME, state=EDGE)
INFO:services.publishing_service:📢 Published prediction: 1c3bebf4-6377-4411-a038-9dcdfa08814f (pred=8cf5fd60-6f40-4015-8792-67b3331e9f92, channel=TELEGRAM, vis=PREMIUM)
INFO:services.grading_service:✅ Graded prediction: 09484609-7cba-4b55-a25f-1a8bb79f9d0c (result=WIN, clv=0.00, brier=0.1018)
INFO:services.snapshot_capture:📸 Captured odds snapshot: bae39cd5-643a-4bbe-9d4a-94dc7de39d29 for nba_sample_52_20260119142355 (SPREAD:FULL_GAME, draftkings)
INFO:services.sim_run_tracker:📊 Created sim_run: 6bd126ef-a853-44fd-b0fa-c4d426abdbd3 for nba_sample_52_20260119142355 (100000 iterations, trigger=auto_internal)
INFO:services.sim_run_tracker:🔗 Recorded inputs for sim_run: 6bd126ef-a853-44fd-b0fa-c4d426abdbd3 (snapshot=bae39cd5-643a-4bbe-9d4a-94dc7de39d29)
INFO:services.sim_run_tracker:✅ Sim run 6bd126ef-a853-44fd-b0fa-c4d426abdbd3 completed in 1000ms
INFO:services.sim_run_tracker:🎯 Created prediction: 297662f2-775d-4968-bcd3-5f4b766af7fb for nba_sample_52_20260119142355 (SPREAD:FULL_GAME, state=PICK)
INFO:services.publishing_service:📢 Published prediction: 85421bb9-8d16-420a-9e52-53dc5ddac94d (pred=297662f2-775d-4968-bcd3-5f4b766af7fb, channel=TELEGRAM, vis=PREMIUM)
INFO:services.grading_service:✅ Graded prediction: c5ff5287-f123-40f4-81a8-46c995d617c4 (result=WIN, clv=0.00, brier=0.2079)
INFO:services.snapshot_capture:📸 Captured odds snapshot: 1460d1be-b063-48cb-bcc8-aaa4bf79fd82 for nba_sample_53_20260119142355 (SPREAD:FULL_GAME, draftkings)
INFO:services.sim_run_tracker:📊 Created sim_run: 233fb1a3-bd99-49d1-a65e-21363c603a65 for nba_sample_53_20260119142355 (100000 iterations, trigger=auto_internal)
INFO:services.sim_run_tracker:🔗 Recorded inputs for sim_run: 233fb1a3-bd99-49d1-a65e-21363c603a65 (snapshot=1460d1be-b063-48cb-bcc8-aaa4bf79fd82)
INFO:services.sim_run_tracker:✅ Sim run 233fb1a3-bd99-49d1-a65e-21363c603a65 completed in 1000ms
INFO:services.sim_run_tracker:🎯 Created prediction: 59754428-b4d4-4aaa-bfce-f18292e4b7f3 for nba_sample_53_20260119142355 (SPREAD:FULL_GAME, state=EDGE)
INFO:services.publishing_service:📢 Published prediction: 74dadaa1-fecc-4e55-81fa-a4af8db3a397 (pred=59754428-b4d4-4aaa-bfce-f18292e4b7f3, channel=TELEGRAM, vis=PREMIUM)
INFO:services.grading_service:✅ Graded prediction: cba1af25-3c77-4611-9acb-7351019ff261 (result=WIN, clv=0.00, brier=0.0670)
INFO:services.snapshot_capture:📸 Captured odds snapshot: b92a92ed-a625-4635-8e63-c2ebde281704 for nba_sample_54_20260119142355 (SPREAD:FULL_GAME, draftkings)
INFO:services.sim_run_tracker:📊 Created sim_run: a02c9c62-7821-4b46-b16c-0441e59c118a for nba_sample_54_20260119142355 (100000 iterations, trigger=auto_internal)
INFO:services.sim_run_tracker:🔗 Recorded inputs for sim_run: a02c9c62-7821-4b46-b16c-0441e59c118a (snapshot=b92a92ed-a625-4635-8e63-c2ebde281704)
INFO:services.sim_run_tracker:✅ Sim run a02c9c62-7821-4b46-b16c-0441e59c118a completed in 1000ms
INFO:services.sim_run_tracker:🎯 Created prediction: efec06db-25b1-4af5-836c-4384f6007c67 for nba_sample_54_20260119142355 (SPREAD:FULL_GAME, state=PICK)
INFO:services.publishing_service:📢 Published prediction: f7fbb854-f726-4947-a37d-b8240220cb12 (pred=efec06db-25b1-4af5-836c-4384f6007c67, channel=TELEGRAM, vis=PREMIUM)
INFO:services.grading_service:✅ Graded prediction: aa53ebd2-ea52-462a-b81a-0c92da9acaf3 (result=WIN, clv=0.00, brier=0.1679)
INFO:services.snapshot_capture:📸 Captured odds snapshot: 6f765526-ac3a-445e-ba9a-32581b361e14 for nba_sample_55_20260119142355 (SPREAD:FULL_GAME, draftkings)
INFO:services.sim_run_tracker:📊 Created sim_run: 2fde8c14-b7a4-44c6-9a52-303196c2676c for nba_sample_55_20260119142355 (100000 iterations, trigger=auto_internal)
INFO:services.sim_run_tracker:🔗 Recorded inputs for sim_run: 2fde8c14-b7a4-44c6-9a52-303196c2676c (snapshot=6f765526-ac3a-445e-ba9a-32581b361e14)
INFO:services.sim_run_tracker:✅ Sim run 2fde8c14-b7a4-44c6-9a52-303196c2676c completed in 1000ms
INFO:services.sim_run_tracker:🎯 Created prediction: 609c2877-ceee-4ac3-a42b-2f1c22d15b64 for nba_sample_55_20260119142355 (SPREAD:FULL_GAME, state=EDGE)
INFO:services.publishing_service:📢 Published prediction: 0983ae8b-7ab5-4838-8412-a3a01323f20e (pred=609c2877-ceee-4ac3-a42b-2f1c22d15b64, channel=TELEGRAM, vis=PREMIUM)
INFO:services.grading_service:✅ Graded prediction: 4c57fcdf-9b5c-4b7d-86fd-ce93faae8b13 (result=LOSS, clv=0.00, brier=0.3622)
INFO:services.snapshot_capture:📸 Captured odds snapshot: 616df6a3-7127-41f9-a098-b09352ad337b for nba_sample_56_20260119142355 (SPREAD:FULL_GAME, draftkings)
INFO:services.sim_run_tracker:📊 Created sim_run: 0aa9a757-c75c-4810-a858-f67f4bf16c85 for nba_sample_56_20260119142355 (100000 iterations, trigger=auto_internal)
INFO:services.sim_run_tracker:🔗 Recorded inputs for sim_run: 0aa9a757-c75c-4810-a858-f67f4bf16c85 (snapshot=616df6a3-7127-41f9-a098-b09352ad337b)
INFO:services.sim_run_tracker:✅ Sim run 0aa9a757-c75c-4810-a858-f67f4bf16c85 completed in 1000ms
INFO:services.sim_run_tracker:🎯 Created prediction: bd7b26b6-7d5c-4870-9d2d-1d85d06e60a4 for nba_sample_56_20260119142355 (SPREAD:FULL_GAME, state=EDGE)
INFO:services.publishing_service:📢 Published prediction: c7b39c3f-ba8f-4634-96a6-edcd838bae9b (pred=bd7b26b6-7d5c-4870-9d2d-1d85d06e60a4, channel=TELEGRAM, vis=PREMIUM)
INFO:services.grading_service:✅ Graded prediction: 751b9e26-d5f1-4968-9b49-f13a199fbc80 (result=WIN, clv=0.00, brier=0.1336)
INFO:services.snapshot_capture:📸 Captured odds snapshot: 5d7e0591-d297-413d-b7f6-7b1fbabf1789 for nba_sample_57_20260119142355 (SPREAD:FULL_GAME, draftkings)
INFO:services.sim_run_tracker:📊 Created sim_run: c753ac43-1635-487b-acad-466345fa2ebd for nba_sample_57_20260119142355 (100000 iterations, trigger=auto_internal)
INFO:services.sim_run_tracker:🔗 Recorded inputs for sim_run: c753ac43-1635-487b-acad-466345fa2ebd (snapshot=5d7e0591-d297-413d-b7f6-7b1fbabf1789)
INFO:services.sim_run_tracker:✅ Sim run c753ac43-1635-487b-acad-466345fa2ebd completed in 1000ms
INFO:services.sim_run_tracker:🎯 Created prediction: 079e3f46-e7fd-4575-ac52-73912d3e7223 for nba_sample_57_20260119142355 (SPREAD:FULL_GAME, state=EDGE)
INFO:services.publishing_service:📢 Published prediction: 97f1477a-aa06-4cd7-8874-e495dc4aad49 (pred=079e3f46-e7fd-4575-ac52-73912d3e7223, channel=TELEGRAM, vis=PREMIUM)
INFO:services.grading_service:✅ Graded prediction: ae46b577-ce81-465b-985a-30cc1199d0ce (result=WIN, clv=0.00, brier=0.1247)
INFO:services.snapshot_capture:📸 Captured odds snapshot: a7ecc64b-2ae2-411c-b19d-b7408865f50e for nba_sample_58_20260119142355 (SPREAD:FULL_GAME, draftkings)
INFO:services.sim_run_tracker:📊 Created sim_run: f05494b9-9e07-487a-957a-1a41fa73337c for nba_sample_58_20260119142355 (100000 iterations, trigger=auto_internal)
INFO:services.sim_run_tracker:🔗 Recorded inputs for sim_run: f05494b9-9e07-487a-957a-1a41fa73337c (snapshot=a7ecc64b-2ae2-411c-b19d-b7408865f50e)
INFO:services.sim_run_tracker:✅ Sim run f05494b9-9e07-487a-957a-1a41fa73337c completed in 1000ms
INFO:services.sim_run_tracker:🎯 Created prediction: 7c9f5763-d8e3-4578-85fe-695c2786c54d for nba_sample_58_20260119142355 (SPREAD:FULL_GAME, state=EDGE)
INFO:services.publishing_service:📢 Published prediction: 8d81ac62-2ef1-4ee1-b6f2-a068aacc2c97 (pred=7c9f5763-d8e3-4578-85fe-695c2786c54d, channel=TELEGRAM, vis=PREMIUM)
INFO:services.grading_service:✅ Graded prediction: e0e34873-febe-4597-930c-9950846b0a90 (result=WIN, clv=0.00, brier=0.1191)
INFO:services.snapshot_capture:📸 Captured odds snapshot: 83b084e0-4f35-47ed-9780-e9420aa73f65 for nba_sample_59_20260119142355 (SPREAD:FULL_GAME, draftkings)
INFO:services.sim_run_tracker:📊 Created sim_run: b8660c70-9b44-44fb-8dfd-070d3ab84963 for nba_sample_59_20260119142355 (100000 iterations, trigger=auto_internal)
INFO:services.sim_run_tracker:🔗 Recorded inputs for sim_run: b8660c70-9b44-44fb-8dfd-070d3ab84963 (snapshot=83b084e0-4f35-47ed-9780-e9420aa73f65)
INFO:services.sim_run_tracker:✅ Sim run b8660c70-9b44-44fb-8dfd-070d3ab84963 completed in 1000ms
INFO:services.sim_run_tracker:🎯 Created prediction: 0f257b3b-cf3d-4b53-bf25-1de43a454778 for nba_sample_59_20260119142355 (SPREAD:FULL_GAME, state=EDGE)
INFO:services.publishing_service:📢 Published prediction: 152ec2d9-8449-4541-8868-a95306ae5e74 (pred=0f257b3b-cf3d-4b53-bf25-1de43a454778, channel=TELEGRAM, vis=PREMIUM)
INFO:services.grading_service:✅ Graded prediction: 9d7ba2e4-42c8-4af7-ac49-9c91516730a6 (result=LOSS, clv=0.00, brier=0.4745)
INFO:__main__:✅ Created 60 sample graded predictions
INFO:services.calibration_service:🎯 Starting calibration job (method=isotonic, training_days=30)
ERROR:services.calibration_service:❌ Insufficient training data: 64 samples (need 500)
WARNING:__main__:⚠️ Calibration did not create a version
INFO:__main__:
============================================================
INFO:__main__:TEST 8: Performance Summary
INFO:__main__:============================================================
INFO:__main__:✅ Performance Summary:
INFO:__main__:   Total Graded: 64
INFO:__main__:   Win Rate: 64.06%
INFO:__main__:   ROI: 22.30%
INFO:__main__:   Total Units: 14.27
INFO:__main__:   Avg CLV: 0.00
INFO:__main__:   Avg Brier: 0.2337
INFO:__main__:
============================================================
INFO:__main__:✅ ALL TESTS PASSED
INFO:__main__:============================================================
INFO:__main__:
Next steps:
INFO:__main__:1. Check API endpoints: http://localhost:8000/api/calibration/health
INFO:__main__:2. View calibration versions: http://localhost:8000/api/calibration/calibration-versions
INFO:__main__:3. Integrate with your existing services
INFO:__main__:
